python : C:\Users\DELL\AppData\Local\Programs\Python\Python311\Lib\site-packages\rest_f
ramework_simplejwt\__init__.py:1: UserWarning: pkg_resources is deprecated as an API. 
See https://setuptools.pypa.io/en/latest/pkg_resources.html. The pkg_resources package 
is slated for removal as early as 2025-11-30. Refrain from using this package or pin 
to Setuptools<81.
At line:1 char:1
+ python test_southampton_leicester.py 2>&1 | Out-File -FilePath test_o ...
+ ~~~~~~~~~~~~~~~~~~~~~~~~~~~~~~~~~~~~~~~~~
    + CategoryInfo          : NotSpecified: (C:\Users\DELL\A... Setuptools<81.:String) 
    [], RemoteException
    + FullyQualifiedErrorId : NativeCommandError
 
  from pkg_resources import DistributionNotFound, get_distribution
WARNING 2026-02-14 17:19:39,880 apps 
================================================================================
WARNING 2026-02-14 17:19:39,880 apps \U0001f50d VERIFICA╟├O STARTUP DJANGO - Valores 
Carregados:
WARNING 2026-02-14 17:19:39,880 apps    DEFAULT_WITH_MARKET poisson: 0.7
WARNING 2026-02-14 17:19:39,880 apps    CLEAR_FAVORITE poisson: 0.65
ERROR 2026-02-14 17:19:39,882 apps    \u274c DJANGO CARREGOU C╙DIGO ERRADO: 0.7
WARNING 2026-02-14 17:19:39,882 apps 
================================================================================

================================================================================
INVESTIGACAO - Southampton vs Leicester (API ID: 1506263)
================================================================================

Partida encontrada: Southampton vs Leicester
   Liga: FA Cup
   ID Interno: 3174
INFO 2026-02-14 17:19:44,801 statistical_models \U0001f522 Inicializando Modelo 
Poisson Bivariado
INFO 2026-02-14 17:19:44,802 ml_integration \U0001f527 Carregando modelos ML...
INFO 2026-02-14 17:19:45,960 ml_integration \u2705 Liga  1X2: xgboost_1x2.pkl
INFO 2026-02-14 17:19:45,966 ml_integration \u2705 Liga  BTTS: xgboost_btts.pkl
INFO 2026-02-14 17:19:45,971 ml_integration \u2705 Liga  OU15: xgboost_ou15.pkl
INFO 2026-02-14 17:19:45,976 ml_integration \u2705 Liga  OU25: xgboost_ou25.pkl
INFO 2026-02-14 17:19:45,982 ml_integration \u2705 Liga  OU35: xgboost_ou35.pkl
INFO 2026-02-14 17:19:46,002 ml_integration \u2705 Liga  DC: xgboost_dc.pkl
INFO 2026-02-14 17:19:46,030 ml_integration \u2705 Liga  HOME_TOTALS: 
xgboost_home_totals.pkl
INFO 2026-02-14 17:19:46,066 ml_integration \u2705 Liga  AWAY_TOTALS: 
xgboost_away_totals.pkl
INFO 2026-02-14 17:19:46,076 ml_integration \u2705 Liga  ODD_EVEN: xgboost_odd_even.pkl
INFO 2026-02-14 17:19:46,098 ml_integration \u2705 Copa  1X2: xgboost_1x2_cups.pkl
INFO 2026-02-14 17:19:46,108 ml_integration \u2705 Copa  BTTS: xgboost_btts_cups.pkl
INFO 2026-02-14 17:19:46,114 ml_integration \u2705 Copa  OU15: xgboost_ou15_cups.pkl
INFO 2026-02-14 17:19:46,122 ml_integration \u2705 Copa  OU25: xgboost_ou25_cups.pkl
INFO 2026-02-14 17:19:46,130 ml_integration \u2705 Copa  OU35: xgboost_ou35_cups.pkl
INFO 2026-02-14 17:19:46,150 ml_integration \u2705 Copa  DC: xgboost_dc_cups.pkl
INFO 2026-02-14 17:19:46,180 ml_integration \u2705 Copa  HOME_TOTALS: 
xgboost_home_totals_cups.pkl
INFO 2026-02-14 17:19:46,207 ml_integration \u2705 Copa  AWAY_TOTALS: 
xgboost_away_totals_cups.pkl
INFO 2026-02-14 17:19:46,215 ml_integration \u2705 Copa  ODD_EVEN: 
xgboost_odd_even_cups.pkl
INFO 2026-02-14 17:19:46,215 ml_integration 
\U0001f4ca MODELOS CARREGADOS:
INFO 2026-02-14 17:19:46,215 ml_integration    XGBoost Otimizado: N├O
INFO 2026-02-14 17:19:46,215 ml_integration    Ligas: 9 mercados
INFO 2026-02-14 17:19:46,215 ml_integration    Copas: 9 mercados
INFO 2026-02-14 17:19:46,215 ml_integration \u2705 Ensemble com ML multi-market (9 
copas, 9 ligas)
INFO 2026-02-14 17:19:46,215 ml_integration \U0001f3af Ensemble: Poisson + ML + Market
INFO 2026-02-14 17:19:46,215 ai_analyzer \u2705 AI Analyzer usando Gemini Flash Latest
INFO 2026-02-14 17:19:46,217 ai_analyzer AI Analyzer inicializado com modelo: 
gemini-1.5-flash-latest
INFO 2026-02-14 17:19:46,217 analysis_orchestrator \U0001f3af [Orchestrator] 
Executando anßlise com estratΘgia: MULTIPLE
INFO 2026-02-14 17:19:46,217 match_enricher 
================================================================================
INFO 2026-02-14 17:19:46,217 match_enricher \U0001f504 INICIANDO ENRIQUECIMENTO DE 
DADOS
INFO 2026-02-14 17:19:46,217 match_enricher 
================================================================================
INFO 2026-02-14 17:19:46,217 api_football_service \U0001f3df\ufe0f Buscando detalhes - 
Fixture: 1506263
INFO 2026-02-14 17:19:46,219 api_football_service \U0001f310 Cache MISS: fixtures - 
Buscando da API...
INFO 2026-02-14 17:19:47,347 api_football_service \u2705 Armazenado no cache por 3600s
INFO 2026-02-14 17:19:47,348 api_football_service \u2705 Detalhes obtidos para fixture 
1506263
INFO 2026-02-14 17:19:47,348 match_enricher \U0001f3c6 COPA DETECTADA (ID 45): usando 
stats da liga principal (ID 39)
INFO 2026-02-14 17:19:47,348 match_enricher 
\U0001f4ca Buscando contexto da tabela...
INFO 2026-02-14 17:19:47,852 api_football_service \U0001f4ca Buscando standings - 
League: 45, Season: 2025
INFO 2026-02-14 17:19:47,852 api_football_service \U0001f310 Cache MISS: standings - 
Buscando da API...
INFO 2026-02-14 17:19:49,396 api_football_service \u2705 Armazenado no cache por 7200s
WARNING 2026-02-14 17:19:49,398 api_football_service \u26a0\ufe0f Standings nπo 
encontrados para league 45
INFO 2026-02-14 17:19:49,398 match_enricher 
\U0001f326\ufe0f Buscando dados climßticos (Fase 3)...
ERROR 2026-02-14 17:19:49,398 match_enricher    \u274c Erro ao buscar clima: 
'NoneType' object has no attribute 'get'
INFO 2026-02-14 17:19:49,398 match_enricher 
\U0001f4ca BUSCANDO ESTAT═STICAS DOS TIMES...
INFO 2026-02-14 17:19:49,398 match_enricher    Home Team ID: 41, League Stats: 39, 
Season: 2025
INFO 2026-02-14 17:19:49,398 match_enricher 
\U0001f4c8 Buscando estatφsticas (Team 41)...
INFO 2026-02-14 17:19:49,901 api_football_service \U0001f4c8 Buscando estatφsticas - 
Team: 41, League: 39
INFO 2026-02-14 17:19:49,901 api_football_service \U0001f310 Cache MISS: 
teams/statistics - Buscando da API...
INFO 2026-02-14 17:19:51,397 api_football_service \u2705 Armazenado no cache por 10800s
INFO 2026-02-14 17:19:51,401 api_football_service \U0001f4ca DEBUG - Estrutura 
completa de 'goals':
INFO 2026-02-14 17:19:51,401 api_football_service    goals.for: {'total': {'home': 0, 
'away': 0, 'total': 0}, 'average': {'home': '0.0', 'away': '0.0', 'total': '0.0'}, 
'minute': {'0-15': {'total': None, 'percentage': None}, '16-30': {'total': None, 
'percentage': None}, '31-45': {'total': None, 'percentage': None}, '46-60': {'total': 
None, 'percentage': None}, '61-75': {'total': None, 'percentage': None}, '76-90': 
{'total': None, 'percentage': None}, '91-105': {'total': None, 'percentage': None}, 
'106-120': {'total': None, 'percentage': None}}, 'under_over': {'0.5': {'over': 0, 
'under': 0}, '1.5': {'over': 0, 'under': 0}, '2.5': {'over': 0, 'under': 0}, '3.5': 
{'over': 0, 'under': 0}, '4.5': {'over': 0, 'under': 0}}}
INFO 2026-02-14 17:19:51,403 api_football_service    goals.against: {'total': {'home': 
0, 'away': 0, 'total': 0}, 'average': {'home': '0.0', 'away': '0.0', 'total': '0.0'}, 
'minute': {'0-15': {'total': None, 'percentage': None}, '16-30': {'total': None, 
'percentage': None}, '31-45': {'total': None, 'percentage': None}, '46-60': {'total': 
None, 'percentage': None}, '61-75': {'total': None, 'percentage': None}, '76-90': 
{'total': None, 'percentage': None}, '91-105': {'total': None, 'percentage': None}, 
'106-120': {'total': None, 'percentage': None}}, 'under_over': {'0.5': {'over': 0, 
'under': 0}, '1.5': {'over': 0, 'under': 0}, '2.5': {'over': 0, 'under': 0}, '3.5': 
{'over': 0, 'under': 0}, '4.5': {'over': 0, 'under': 0}}}
INFO 2026-02-14 17:19:51,403 api_football_service    \u27a1\ufe0f MΘdia de gols 
marcados calculada: 0.0
INFO 2026-02-14 17:19:51,403 api_football_service    \u27a1\ufe0f MΘdia de gols 
sofridos calculada: 0.0
INFO 2026-02-14 17:19:51,405 api_football_service \u2705 Estatφsticas obtidas para 
team 41
INFO 2026-02-14 17:19:51,405 match_enricher    \u2705 0 jogos, mΘdia 0.00 gols/jogo
INFO 2026-02-14 17:19:51,405 match_enricher    \u2705 Home Stats: True
INFO 2026-02-14 17:19:51,405 match_enricher    Away Team ID: 46, League Stats: 39, 
Season: 2025
INFO 2026-02-14 17:19:51,405 match_enricher 
\U0001f4c8 Buscando estatφsticas (Team 46)...
INFO 2026-02-14 17:19:51,907 api_football_service \U0001f4c8 Buscando estatφsticas - 
Team: 46, League: 39
INFO 2026-02-14 17:19:51,907 api_football_service \U0001f310 Cache MISS: 
teams/statistics - Buscando da API...
INFO 2026-02-14 17:19:53,083 api_football_service \u2705 Armazenado no cache por 10800s
INFO 2026-02-14 17:19:53,092 api_football_service \U0001f4ca DEBUG - Estrutura 
completa de 'goals':
INFO 2026-02-14 17:19:53,092 api_football_service    goals.for: {'total': {'home': 0, 
'away': 0, 'total': 0}, 'average': {'home': '0.0', 'away': '0.0', 'total': '0.0'}, 
'minute': {'0-15': {'total': None, 'percentage': None}, '16-30': {'total': None, 
'percentage': None}, '31-45': {'total': None, 'percentage': None}, '46-60': {'total': 
None, 'percentage': None}, '61-75': {'total': None, 'percentage': None}, '76-90': 
{'total': None, 'percentage': None}, '91-105': {'total': None, 'percentage': None}, 
'106-120': {'total': None, 'percentage': None}}, 'under_over': {'0.5': {'over': 0, 
'under': 0}, '1.5': {'over': 0, 'under': 0}, '2.5': {'over': 0, 'under': 0}, '3.5': 
{'over': 0, 'under': 0}, '4.5': {'over': 0, 'under': 0}}}
INFO 2026-02-14 17:19:53,092 api_football_service    goals.against: {'total': {'home': 
0, 'away': 0, 'total': 0}, 'average': {'home': '0.0', 'away': '0.0', 'total': '0.0'}, 
'minute': {'0-15': {'total': None, 'percentage': None}, '16-30': {'total': None, 
'percentage': None}, '31-45': {'total': None, 'percentage': None}, '46-60': {'total': 
None, 'percentage': None}, '61-75': {'total': None, 'percentage': None}, '76-90': 
{'total': None, 'percentage': None}, '91-105': {'total': None, 'percentage': None}, 
'106-120': {'total': None, 'percentage': None}}, 'under_over': {'0.5': {'over': 0, 
'under': 0}, '1.5': {'over': 0, 'under': 0}, '2.5': {'over': 0, 'under': 0}, '3.5': 
{'over': 0, 'under': 0}, '4.5': {'over': 0, 'under': 0}}}
INFO 2026-02-14 17:19:53,092 api_football_service    \u27a1\ufe0f MΘdia de gols 
marcados calculada: 0.0
INFO 2026-02-14 17:19:53,092 api_football_service    \u27a1\ufe0f MΘdia de gols 
sofridos calculada: 0.0
INFO 2026-02-14 17:19:53,092 api_football_service \u2705 Estatφsticas obtidas para 
team 46
INFO 2026-02-14 17:19:53,095 match_enricher    \u2705 0 jogos, mΘdia 0.00 gols/jogo
INFO 2026-02-14 17:19:53,095 match_enricher    \u2705 Away Stats: True
INFO 2026-02-14 17:19:53,095 match_enricher 
\U0001f691 Buscando les⌡es e suspens⌡es...
INFO 2026-02-14 17:19:53,597 api_football_service \U0001f691 Buscando les⌡es - 
Fixture: 1506263
INFO 2026-02-14 17:19:53,597 api_football_service \U0001f310 Cache MISS: injuries - 
Buscando da API...
INFO 2026-02-14 17:19:54,919 api_football_service \u2705 Armazenado no cache por 3600s
WARNING 2026-02-14 17:19:54,923 api_football_service \u26a0\ufe0f Nenhuma lesπo 
encontrada para fixture 1506263
INFO 2026-02-14 17:19:54,923 match_enricher    \u2705 0 les⌡es/suspens⌡es (casa), 0 
(fora)
INFO 2026-02-14 17:19:54,923 match_enricher 
\U0001f4b0 Buscando odds...
INFO 2026-02-14 17:19:55,424 api_football_service \U0001f4b0 Buscando odds - Fixture: 
1506263
INFO 2026-02-14 17:19:55,424 api_football_service \U0001f310 Cache MISS: odds - 
Buscando da API...
INFO 2026-02-14 17:19:56,566 api_football_service \u2705 Armazenado no cache por 180s
INFO 2026-02-14 17:19:56,571 api_football_service \u2705 Odds obtidas: 11 mercados
INFO 2026-02-14 17:19:56,573 match_enricher    \U0001f4ca fetch_odds retornou: 
{'home_win': 1.59, 'draw': 4.0, 'away_win': 5.25, 'over_15': 1.22, 'under_15': 4.2, 
'over_25': 1.65, 'under_25': 2.2, 'over_35': 2.62, 'under_35': 1.48, 'btts_yes': 1.7, 
'btts_no': 2.1}
INFO 2026-02-14 17:19:56,575 match_enricher    \U0001f4ca Tipo: <class 'dict'>
INFO 2026-02-14 17:19:56,575 match_enricher    \u2705 Odds recebidas:
INFO 2026-02-14 17:19:56,575 match_enricher       ò Casa: 1.59
INFO 2026-02-14 17:19:56,577 match_enricher       ò Empate: 4.0
INFO 2026-02-14 17:19:56,577 match_enricher       ò Fora: 5.25
INFO 2026-02-14 17:19:56,577 match_enricher       ò Over 2.5: 1.65
INFO 2026-02-14 17:19:56,577 match_enricher       ò Under 2.5: 2.2
INFO 2026-02-14 17:19:56,577 match_enricher       ò BTTS Yes: 1.7
INFO 2026-02-14 17:19:56,577 match_enricher 
\u23f1\ufe0f Calculando contexto de descanso...
INFO 2026-02-14 17:19:57,080 api_football_service \U0001f4c5 Buscando ·ltimas 1 
fixtures do time 41
INFO 2026-02-14 17:19:57,080 api_football_service \U0001f310 Cache MISS: fixtures - 
Buscando da API...
INFO 2026-02-14 17:19:57,944 api_football_service \u2705 Armazenado no cache por 7200s
INFO 2026-02-14 17:19:57,957 api_football_service \u2705 1 fixtures obtidas
INFO 2026-02-14 17:19:58,459 api_football_service \U0001f4c5 Buscando ·ltimas 1 
fixtures do time 46
INFO 2026-02-14 17:19:58,459 api_football_service \U0001f310 Cache MISS: fixtures - 
Buscando da API...
INFO 2026-02-14 17:20:00,214 api_football_service \u2705 Armazenado no cache por 7200s
INFO 2026-02-14 17:20:00,220 api_football_service \u2705 1 fixtures obtidas
INFO 2026-02-14 17:20:00,222 match_enricher    \u2705 Descanso: Casa 35 dias, Fora 35 
dias (Vantagem: equal)
INFO 2026-02-14 17:20:00,222 match_enricher    \U0001f4ca CONSOLE LOG - REST_CONTEXT: 
{'home_days_rest': 35, 'away_days_rest': 35, 'advantage': 'equal'}
INFO 2026-02-14 17:20:00,222 match_enricher 
\U0001f396\ufe0f Avaliando motivaτπo...
INFO 2026-02-14 17:20:00,222 match_enricher    \u26a0\ufe0f Sem dados de tabela para 
avaliar motivaτπo
INFO 2026-02-14 17:20:00,224 match_enricher 
\U0001f4c8 Calculando tendΩncias...
INFO 2026-02-14 17:20:00,725 api_football_service \U0001f4c5 Buscando ·ltimas 10 
fixtures do time 41
INFO 2026-02-14 17:20:00,726 api_football_service \U0001f310 Cache MISS: fixtures - 
Buscando da API...
INFO 2026-02-14 17:20:02,505 api_football_service \u2705 Armazenado no cache por 7200s
INFO 2026-02-14 17:20:02,513 api_football_service \u2705 1 fixtures obtidas
INFO 2026-02-14 17:20:03,015 api_football_service \U0001f4c5 Buscando ·ltimas 10 
fixtures do time 46
INFO 2026-02-14 17:20:03,016 api_football_service \U0001f310 Cache MISS: fixtures - 
Buscando da API...
INFO 2026-02-14 17:20:06,368 api_football_service \u2705 Armazenado no cache por 7200s
INFO 2026-02-14 17:20:06,375 api_football_service \u2705 1 fixtures obtidas
INFO 2026-02-14 17:20:06,375 match_enricher    \u2705 Over 2.5: Casa 100%, Fora 0%
INFO 2026-02-14 17:20:06,375 match_enricher    \u2705 BTTS: Casa 100%, Fora 0%
INFO 2026-02-14 17:20:06,375 match_enricher    \U0001f4ca CONSOLE LOG - TRENDS: 
{'home': {'over_25_pct': 100.0, 'btts_pct': 100.0, 'games_analyzed': 1}, 'away': 
{'over_25_pct': 0.0, 'btts_pct': 0.0, 'games_analyzed': 1}, 'combined_over_25_pct': 
50.0, 'combined_btts_pct': 50.0}
INFO 2026-02-14 17:20:06,378 match_enricher 
\u2694\ufe0f Buscando hist≤rico H2H...
INFO 2026-02-14 17:20:06,879 api_football_service \U0001f504 Buscando H2H: 41 vs 46 
(·ltimos 10)
INFO 2026-02-14 17:20:06,880 api_football_service \U0001f310 Cache MISS: 
fixtures/headtohead - Buscando da API...
INFO 2026-02-14 17:20:08,034 api_football_service \u2705 Armazenado no cache por 86400s
INFO 2026-02-14 17:20:08,041 api_football_service \u2705 10 confrontos H2H encontrados
INFO 2026-02-14 17:20:08,041 match_enricher    \u2705 10 confrontos diretos encontrados
INFO 2026-02-14 17:20:08,041 match_enricher 
\U0001f4c5 Analisando fase da temporada...
INFO 2026-02-14 17:20:08,045 match_enricher    \u2705 Rodada: Round of 32, Temporada: 
2025
INFO 2026-02-14 17:20:08,045 match_enricher 
================================================================================
INFO 2026-02-14 17:20:08,045 match_enricher \u2705 ENRIQUECIMENTO CONCLU═DO
INFO 2026-02-14 17:20:08,045 match_enricher 
================================================================================

INFO 2026-02-14 17:20:08,045 feature_engineer 
================================================================================
INFO 2026-02-14 17:20:08,045 feature_engineer \U0001f527 FEATURE ENGINEERING - TIER 1 
COMPLETO (40 VARI┴VEIS)
INFO 2026-02-14 17:20:08,045 feature_engineer 
================================================================================

INFO 2026-02-14 17:20:08,050 feature_engineer \U0001f4e5 Dados disponφveis:
INFO 2026-02-14 17:20:08,050 feature_engineer    Standings: False
INFO 2026-02-14 17:20:08,050 feature_engineer    Home Stats: True
INFO 2026-02-14 17:20:08,050 feature_engineer    Away Stats: True
INFO 2026-02-14 17:20:08,050 feature_engineer    Odds: True
INFO 2026-02-14 17:20:08,050 feature_engineer    Rest Context: True
INFO 2026-02-14 17:20:08,052 feature_engineer    Weather: False
INFO 2026-02-14 17:20:08,055 feature_engineer    Recent Form: False
INFO 2026-02-14 17:20:08,055 feature_engineer    H2H: 10 jogos
INFO 2026-02-14 17:20:08,055 feature_engineer    Statistics: False
INFO 2026-02-14 17:20:08,055 feature_engineer 
1\ufe0f\u20e3 Calculando features de FOR╟A...
WARNING 2026-02-14 17:20:08,055 feature_engineer \u26a0\ufe0f home_goals_per_game = 
0.00 muito baixo! Usando fallback 1.3
WARNING 2026-02-14 17:20:08,055 feature_engineer \u26a0\ufe0f away_goals_per_game = 
0.00 muito baixo! Usando fallback 1.3
WARNING 2026-02-14 17:20:08,058 feature_engineer \u26a0\ufe0f home_conceded_per_game = 
0.00 muito baixo! Usando fallback 1.3
WARNING 2026-02-14 17:20:08,058 feature_engineer \u26a0\ufe0f away_conceded_per_game = 
0.00 muito baixo! Usando fallback 1.3
WARNING 2026-02-14 17:20:08,060 feature_engineer \u26a0\ufe0f API retornou 
home_goals_per_game = 0.00! Usando fallback 1.3
WARNING 2026-02-14 17:20:08,060 feature_engineer \u26a0\ufe0f API retornou 
away_goals_per_game = 0.00! Usando fallback 1.3
WARNING 2026-02-14 17:20:08,060 feature_engineer \u26a0\ufe0f API retornou 
home_conceded_per_game = 0.00! Usando fallback 1.3
WARNING 2026-02-14 17:20:08,060 feature_engineer \u26a0\ufe0f API retornou 
away_conceded_per_game = 0.00! Usando fallback 1.3
INFO 2026-02-14 17:20:08,060 feature_engineer    \u2705 10 features de forτa
INFO 2026-02-14 17:20:08,060 feature_engineer 
2\ufe0f\u20e3 Calculando features de FORMA...
INFO 2026-02-14 17:20:08,060 feature_engineer    \u2705 13 features de forma
INFO 2026-02-14 17:20:08,062 feature_engineer 
3\ufe0f\u20e3 Calculando features de ESTAT═STICAS...
INFO 2026-02-14 17:20:08,067 feature_engineer    \u2705 15 features de estatφsticas
INFO 2026-02-14 17:20:08,067 feature_engineer 
4\ufe0f\u20e3 Calculando features de CONTEXTO...
INFO 2026-02-14 17:20:08,067 feature_engineer    \u2705 6 features de contexto
INFO 2026-02-14 17:20:08,067 feature_engineer 
5\ufe0f\u20e3 Calculando features de MERCADO...
INFO 2026-02-14 17:20:08,067 feature_engineer    \u2705 11 features de mercado
INFO 2026-02-14 17:20:08,067 feature_engineer 
6\ufe0f\u20e3 Calculando features de CLIMA...
INFO 2026-02-14 17:20:08,067 feature_engineer    \u2705 9 features de clima
INFO 2026-02-14 17:20:08,071 feature_engineer 
7\ufe0f\u20e3 Calculando features de H2H...
INFO 2026-02-14 17:20:08,071 feature_engineer    \u2705 7 features de H2H
INFO 2026-02-14 17:20:08,071 feature_engineer 
8\ufe0f\u20e3 Calculando features de IMPORT┬NCIA DO JOGO...
INFO 2026-02-14 17:20:08,071 feature_engineer    \u2705 12 features de importΓncia
INFO 2026-02-14 17:20:08,072 feature_engineer 
9\ufe0f\u20e3 Calculando features de LES╒ES/SUSPENS╒ES...
INFO 2026-02-14 17:20:08,072 feature_engineer    \u2705 12 features de 
les⌡es/suspens⌡es
INFO 2026-02-14 17:20:08,072 feature_engineer 
\U0001f51f Calculando features de MOTIVA╟├O...
INFO 2026-02-14 17:20:08,072 feature_engineer    \u2705 10 features de motivaτπo
INFO 2026-02-14 17:20:08,074 feature_engineer 
 Calculando features de ELO...
INFO 2026-02-14 17:20:08,074 feature_engineer    \u2705 4 features de ELO
INFO 2026-02-14 17:20:08,074 feature_engineer 
1\ufe0f\u20e32\ufe0f\u20e3 Calculando features de TIPO DE COMPETI╟├O...
INFO 2026-02-14 17:20:08,074 feature_engineer    \u2705 5 features de competiτπo
INFO 2026-02-14 17:20:08,074 feature_engineer       \U0001f3c6 COPA DETECTADA: FA Cup
INFO 2026-02-14 17:20:08,076 feature_engineer       \U0001f4c9 Fator de ajuste xG: 0.9
INFO 2026-02-14 17:20:08,080 feature_engineer 
================================================================================
INFO 2026-02-14 17:20:08,080 feature_engineer \u2705 TOTAL: 114 features engineered
INFO 2026-02-14 17:20:08,080 feature_engineer 
================================================================================

INFO 2026-02-14 17:20:08,082 analysis_orchestrator 
================================================================================
INFO 2026-02-14 17:20:08,082 analysis_orchestrator \U0001f4ca [Orchestrator] FEATURES 
GERADAS - Resumo por Categoria
INFO 2026-02-14 17:20:08,083 analysis_orchestrator 
================================================================================
INFO 2026-02-14 17:20:08,086 analysis_orchestrator    STRENGTH: 10 features
INFO 2026-02-14 17:20:08,086 analysis_orchestrator       - home_attack_strength: 0.87
INFO 2026-02-14 17:20:08,086 analysis_orchestrator       - home_defense_strength: 1.15
INFO 2026-02-14 17:20:08,086 analysis_orchestrator       - away_attack_strength: 0.87
INFO 2026-02-14 17:20:08,086 analysis_orchestrator       ... (+7 features)
INFO 2026-02-14 17:20:08,086 analysis_orchestrator    FORM: 13 features
INFO 2026-02-14 17:20:08,086 analysis_orchestrator       - home_weighted_form: 1.5
INFO 2026-02-14 17:20:08,086 analysis_orchestrator       - home_momentum: 0
INFO 2026-02-14 17:20:08,092 analysis_orchestrator       - home_recent_points: 0
INFO 2026-02-14 17:20:08,092 analysis_orchestrator       ... (+10 features)
INFO 2026-02-14 17:20:08,092 analysis_orchestrator    STATISTICS: 15 features
INFO 2026-02-14 17:20:08,092 analysis_orchestrator       - home_corners_per_game: 0
INFO 2026-02-14 17:20:08,092 analysis_orchestrator       - away_corners_per_game: 0
INFO 2026-02-14 17:20:08,092 analysis_orchestrator       - total_corners_expected: 0
INFO 2026-02-14 17:20:08,094 analysis_orchestrator       ... (+12 features)
INFO 2026-02-14 17:20:08,096 analysis_orchestrator    CONTEXT: 6 features
INFO 2026-02-14 17:20:08,096 analysis_orchestrator       - home_rest_days: 7
INFO 2026-02-14 17:20:08,096 analysis_orchestrator       - away_rest_days: 7
INFO 2026-02-14 17:20:08,096 analysis_orchestrator       - home_is_fatigued: False
INFO 2026-02-14 17:20:08,096 analysis_orchestrator       ... (+3 features)
INFO 2026-02-14 17:20:08,099 analysis_orchestrator    MARKET: 11 features
INFO 2026-02-14 17:20:08,099 analysis_orchestrator       - market_home_prob: 0.588
INFO 2026-02-14 17:20:08,099 analysis_orchestrator       - market_draw_prob: 0.234
INFO 2026-02-14 17:20:08,103 analysis_orchestrator       - market_away_prob: 0.178
INFO 2026-02-14 17:20:08,104 analysis_orchestrator       ... (+8 features)
INFO 2026-02-14 17:20:08,106 analysis_orchestrator    WEATHER: 9 features
INFO 2026-02-14 17:20:08,106 analysis_orchestrator       - has_weather: False
INFO 2026-02-14 17:20:08,106 analysis_orchestrator       - weather_impact: low
INFO 2026-02-14 17:20:08,106 analysis_orchestrator       - weather_severity: 0.0
INFO 2026-02-14 17:20:08,106 analysis_orchestrator       ... (+6 features)
INFO 2026-02-14 17:20:08,106 analysis_orchestrator    H2H: 7 features
INFO 2026-02-14 17:20:08,106 analysis_orchestrator       - h2h_games: 10
INFO 2026-02-14 17:20:08,110 analysis_orchestrator       - h2h_home_wins: 5
INFO 2026-02-14 17:20:08,110 analysis_orchestrator       - h2h_draws: 1
INFO 2026-02-14 17:20:08,110 analysis_orchestrator       ... (+4 features)
INFO 2026-02-14 17:20:08,110 analysis_orchestrator    MATCH_IMPORTANCE: 12 features
INFO 2026-02-14 17:20:08,110 analysis_orchestrator       - home_position: 10
INFO 2026-02-14 17:20:08,110 analysis_orchestrator       - away_position: 10
INFO 2026-02-14 17:20:08,110 analysis_orchestrator       - position_differential: 0
INFO 2026-02-14 17:20:08,112 analysis_orchestrator       ... (+9 features)
INFO 2026-02-14 17:20:08,117 analysis_orchestrator    INJURIES_SUSPENSIONS: 12 features
INFO 2026-02-14 17:20:08,117 analysis_orchestrator       - home_injured_count: 0
INFO 2026-02-14 17:20:08,118 analysis_orchestrator       - away_injured_count: 0
INFO 2026-02-14 17:20:08,118 analysis_orchestrator       - home_suspended_count: 0
INFO 2026-02-14 17:20:08,118 analysis_orchestrator       ... (+9 features)
INFO 2026-02-14 17:20:08,118 analysis_orchestrator    MOTIVATION: 10 features
INFO 2026-02-14 17:20:08,118 analysis_orchestrator       - home_motivation: 5.0
INFO 2026-02-14 17:20:08,118 analysis_orchestrator       - away_motivation: 5.0
INFO 2026-02-14 17:20:08,123 analysis_orchestrator       - motivation_differential: 0
INFO 2026-02-14 17:20:08,123 analysis_orchestrator       ... (+7 features)
INFO 2026-02-14 17:20:08,123 analysis_orchestrator    ELO: 4 features
INFO 2026-02-14 17:20:08,123 analysis_orchestrator       - home_elo: 1466.2
INFO 2026-02-14 17:20:08,123 analysis_orchestrator       - away_elo: 1466.2
INFO 2026-02-14 17:20:08,124 analysis_orchestrator       - elo_differential: 0.0
INFO 2026-02-14 17:20:08,129 analysis_orchestrator       ... (+1 features)
INFO 2026-02-14 17:20:08,129 analysis_orchestrator    COMPETITION: 5 features
INFO 2026-02-14 17:20:08,129 analysis_orchestrator       - is_cup_competition: True
INFO 2026-02-14 17:20:08,132 analysis_orchestrator       - competition_name: FA Cup
INFO 2026-02-14 17:20:08,133 analysis_orchestrator       - knockout_adjustment_factor: 
0.9
INFO 2026-02-14 17:20:08,133 analysis_orchestrator       ... (+2 features)
INFO 2026-02-14 17:20:08,133 analysis_orchestrator 
   TOTAL: 114 features geradas
INFO 2026-02-14 17:20:08,138 analysis_orchestrator 
================================================================================

INFO 2026-02-14 17:20:08,138 context_analyzer 
================================================================================
INFO 2026-02-14 17:20:08,138 context_analyzer \U0001f50d CONTEXT ANALYZER - Detectando 
padr⌡es contextuais
INFO 2026-02-14 17:20:08,139 context_analyzer 
================================================================================
INFO 2026-02-14 17:20:08,139 context_analyzer \U0001f50d DEBUG: Checking 
motivated_favorite_vs_defensive_wall pattern
INFO 2026-02-14 17:20:08,139 context_analyzer 
\u2705 Padrπo detectado: balanced_tight_game
INFO 2026-02-14 17:20:08,145 context_analyzer    Confianτa: 80%
INFO 2026-02-14 17:20:08,145 context_analyzer    Mercados favorecidos: under_2.5, 
draw, btts_no, draw_ht
INFO 2026-02-14 17:20:08,147 context_analyzer    Raciocφnio: Jogo equilibrado (forτa: 
0.00, motivaτπo: 0.00) | Expected goals: 1.3 | baixo scoring favorece under e btts_no
INFO 2026-02-14 17:20:08,149 context_analyzer 
--------------------------------------------------------------------------------
INFO 2026-02-14 17:20:08,149 context_analyzer \U0001f4ca Top mercados por contexto:
INFO 2026-02-14 17:20:08,149 context_analyzer    under_2.5: 100%
INFO 2026-02-14 17:20:08,150 context_analyzer    draw: 93%
INFO 2026-02-14 17:20:08,150 context_analyzer    btts_no: 93%
INFO 2026-02-14 17:20:08,150 context_analyzer    draw_ht: 87%
INFO 2026-02-14 17:20:08,150 context_analyzer    under_1.5: 80%
INFO 2026-02-14 17:20:08,150 context_analyzer 
================================================================================

INFO 2026-02-14 17:20:08,154 analysis_orchestrator \U0001f50d [Orchestrator] Padr⌡es 
contextuais detectados: 1
INFO 2026-02-14 17:20:08,154 analysis_orchestrator    - balanced_tight_game: 80%

====================================================================================================
>>> INICIANDO PREDICT() DO ENSEMBLE <<<
>>> use_market_prior=True, has_ml=True
====================================================================================================

INFO 2026-02-14 17:20:08,155 hybrid_strategy    \u26a0\ufe0f balanced_tight_game: 
Confianca 80% < 90%
INFO 2026-02-14 17:20:08,155 hybrid_strategy 
\U0001f504 DECISAO: USAR MODELO BASE (Poisson)
INFO 2026-02-14 17:20:08,155 hybrid_strategy    Razao: Nenhum padrao forte (max 
confianca: 80% < 90%)
INFO 2026-02-14 17:20:08,155 analysis_orchestrator \u26a0\ufe0f [Orchestrator] 
Contexto REJEITADO - usando modelo base
INFO 2026-02-14 17:20:08,156 analysis_orchestrator \u2705 [Orchestrator] AJUSTE DE 
COPA ATIVO
INFO 2026-02-14 17:20:08,158 analysis_orchestrator \U0001f527 [Orchestrator] FEATURES 
CR═TICAS PARA ENSEMBLE:
INFO 2026-02-14 17:20:08,158 analysis_orchestrator    Home Strength: 1.30 gols/jogo
INFO 2026-02-14 17:20:08,158 analysis_orchestrator    Away Strength: 1.30 gols/jogo
INFO 2026-02-14 17:20:08,160 analysis_orchestrator    Weather Impact: 0.00
INFO 2026-02-14 17:20:08,160 analysis_orchestrator    League ID: 45
INFO 2026-02-14 17:20:08,160 analysis_orchestrator    Tipo Competiτπo: COPA
INFO 2026-02-14 17:20:08,160 analysis_orchestrator    Knockout Adjustment: 0.90 (ATIVO)
INFO 2026-02-14 17:20:08,160 analysis_orchestrator       \U0001f3c6 Fase: early_rounds
INFO 2026-02-14 17:20:08,160 analysis_orchestrator       \U0001f4c9 Reduτπo xG: 10%
INFO 2026-02-14 17:20:08,160 ml_integration 
================================================================================
INFO 2026-02-14 17:20:08,166 ml_integration \U0001f3af ENSEMBLE ML - Combinando modelos
INFO 2026-02-14 17:20:08,166 ml_integration 
================================================================================
INFO 2026-02-14 17:20:08,166 statistical_models 
================================================================================
INFO 2026-02-14 17:20:08,166 statistical_models \U0001f3b2 MODELO POISSON - Calculando 
distribuiτπo de placares (COM DEFESA)
INFO 2026-02-14 17:20:08,166 statistical_models 
================================================================================
INFO 2026-02-14 17:20:08,166 statistical_models \u26a0\ufe0f Defesa nπo disponφvel, 
usando apenas ataque
INFO 2026-02-14 17:20:08,166 statistical_models \U0001f4ca Forτa base:
INFO 2026-02-14 17:20:08,166 statistical_models    Casa: 1.30 gols/jogo (ataque)
INFO 2026-02-14 17:20:08,166 statistical_models    Fora: 1.30 gols/jogo (ataque)
INFO 2026-02-14 17:20:08,169 statistical_models    Home Advantage: 1.07x (Liga 45)
INFO 2026-02-14 17:20:08,169 statistical_models 
\U0001f50d DEBUG POISSON - Lambda ANTES ajuste copa:
INFO 2026-02-14 17:20:08,169 statistical_models    \u03bb_home: 1.391
INFO 2026-02-14 17:20:08,170 statistical_models    \u03bb_away: 1.300
INFO 2026-02-14 17:20:08,170 statistical_models    \u03bb_total: 2.691
INFO 2026-02-14 17:20:08,170 statistical_models    knockout_adjustment: 0.90
INFO 2026-02-14 17:20:08,170 statistical_models 
\U0001f3c6 Ajuste Copa/Knockout: -10% xG
INFO 2026-02-14 17:20:08,170 statistical_models    \u26bd Casa: 1.25 gols (ajustado)
INFO 2026-02-14 17:20:08,173 statistical_models    \u26bd Fora: 1.17 gols (ajustado)
INFO 2026-02-14 17:20:08,173 statistical_models 
\u26a1 Expectativa de gols (\u03bb):
INFO 2026-02-14 17:20:08,173 statistical_models    Casa: 1.25
INFO 2026-02-14 17:20:08,173 statistical_models    Fora: 1.17
INFO 2026-02-14 17:20:08,173 statistical_models 
\U0001f522 Calculando distribuiτπo de placares (6x6)...
INFO 2026-02-14 17:20:08,240 statistical_models    \u2705 Placar mais provßvel: 1-1 
(14.7%)
INFO 2026-02-14 17:20:08,240 statistical_models 
\U0001f4c8 Calculando probabilidades de mercados...
INFO 2026-02-14 17:20:08,241 statistical_models    1X2:
INFO 2026-02-14 17:20:08,241 statistical_models       Casa: 36.5%
INFO 2026-02-14 17:20:08,241 statistical_models       Empate: 30.9%
INFO 2026-02-14 17:20:08,241 statistical_models       Fora: 32.6%
INFO 2026-02-14 17:20:08,241 statistical_models    Over/Under 1.5:
INFO 2026-02-14 17:20:08,243 statistical_models       Over: 71.3%
INFO 2026-02-14 17:20:08,243 statistical_models       Under: 28.7%
INFO 2026-02-14 17:20:08,243 statistical_models    Over/Under 2.5:
INFO 2026-02-14 17:20:08,243 statistical_models       Over: 43.6%
INFO 2026-02-14 17:20:08,243 statistical_models       Under: 56.4%
INFO 2026-02-14 17:20:08,243 statistical_models    Over/Under 3.5:
INFO 2026-02-14 17:20:08,243 statistical_models       Over: 22.5%
INFO 2026-02-14 17:20:08,243 statistical_models       Under: 77.5%
INFO 2026-02-14 17:20:08,243 statistical_models    Ambas Marcam: 50.9%
INFO 2026-02-14 17:20:08,245 statistical_models    Ambas N├O Marcam: 49.1%
INFO 2026-02-14 17:20:08,245 statistical_models    Clean Sheets:
INFO 2026-02-14 17:20:08,245 statistical_models       Casa nπo sofre: 31.0%
INFO 2026-02-14 17:20:08,245 statistical_models       Fora nπo sofre: 28.6%
INFO 2026-02-14 17:20:08,247 statistical_models    Team Total Goals:
INFO 2026-02-14 17:20:08,247 statistical_models       Casa Over 0.5: 71.4%
INFO 2026-02-14 17:20:08,247 statistical_models       Casa Over 1.5: 35.6%
INFO 2026-02-14 17:20:08,248 statistical_models       Fora Over 0.5: 69.0%
INFO 2026-02-14 17:20:08,248 statistical_models       Fora Over 1.5: 32.6%
INFO 2026-02-14 17:20:08,248 statistical_models    Margens de Vit≤ria:
INFO 2026-02-14 17:20:08,249 statistical_models       Casa por 1: 19.8%
INFO 2026-02-14 17:20:08,249 statistical_models       Casa por 2+: 16.7%
INFO 2026-02-14 17:20:08,250 statistical_models       Fora por 1: 18.4%
INFO 2026-02-14 17:20:08,252 statistical_models       Fora por 2+: 14.2%
INFO 2026-02-14 17:20:08,252 statistical_models    Gols Totais:
INFO 2026-02-14 17:20:08,252 statistical_models       ═mpar: 46.2%
INFO 2026-02-14 17:20:08,252 statistical_models       Par: 53.8%
INFO 2026-02-14 17:20:08,252 statistical_models    Over/Under 0.5:
INFO 2026-02-14 17:20:08,252 statistical_models       Over: 89.4%
INFO 2026-02-14 17:20:08,252 statistical_models       Under (0-0): 10.6%
INFO 2026-02-14 17:20:08,252 statistical_models    Over/Under 4.5:
INFO 2026-02-14 17:20:08,254 statistical_models       Over: 9.8%
INFO 2026-02-14 17:20:08,254 statistical_models       Under: 90.2%
INFO 2026-02-14 17:20:08,254 statistical_models    Double Chance:
INFO 2026-02-14 17:20:08,255 statistical_models       1X (Casa ou Empate): 67.4%
INFO 2026-02-14 17:20:08,255 statistical_models       12 (Casa ou Fora): 69.1%
INFO 2026-02-14 17:20:08,255 statistical_models       X2 (Empate ou Fora): 63.5%
INFO 2026-02-14 17:20:08,255 statistical_models    Asian Lines:
INFO 2026-02-14 17:20:08,256 statistical_models       Over 2.25: 43.6%
INFO 2026-02-14 17:20:08,256 statistical_models       Over 2.75: 33.1%
INFO 2026-02-14 17:20:08,256 statistical_models 
\U0001f3c6 Top 5 placares:
INFO 2026-02-14 17:20:08,256 statistical_models    1. 1-1 - 14.7%
INFO 2026-02-14 17:20:08,256 statistical_models    2. 0-0 - 10.6%
INFO 2026-02-14 17:20:08,256 statistical_models    3. 1-0 - 9.4%
INFO 2026-02-14 17:20:08,256 statistical_models    4. 0-1 - 8.7%
INFO 2026-02-14 17:20:08,258 statistical_models    5. 2-1 - 8.1%
INFO 2026-02-14 17:20:08,258 statistical_models 
================================================================================

WARNING 2026-02-14 17:20:08,258 ml_integration \u26a0\ufe0f Feature mismatch: modelo 
espera 98, recebeu 108
INFO 2026-02-14 17:20:08,258 ml_integration    Truncando features extras (10 removidas)

================================================================================
DEBUG ENSEMBLE - max_market_prob: 58.8%
DEBUG ENSEMBLE - is_clear_favorite: True
DEBUG ENSEMBLE - use_market_prior: True
DEBUG ENSEMBLE - has_ml: True
================================================================================

INFO 2026-02-14 17:20:08,273 ml_integration \U0001f4ca Detecτπo favorito: 
max_market_prob=58.8%, is_clear_favorite=True
INFO 2026-02-14 17:20:08,273 ml_integration    Condiτ⌡es: use_market_prior=True, 
has_ml=True
Traceback (most recent call last):
  File "D:\Projectos\Football\bet-insight\backend\test_southampton_leicester.py", line 
142, in <module>
    test_match_1506263()
  File "D:\Projectos\Football\bet-insight\backend\test_southampton_leicester.py", line 
39, in test_match_1506263
    result = orchestrator.run(match, strategy='multiple')
             ^^^^^^^^^^^^^^^^^^^^^^^^^^^^^^^^^^^^^^^^^^^^
  File "D:\Projectos\Football\bet-insight\backend\apps\analysis\services\analysis_orche
strator.py", line 125, in run
    ensemble_result = self.ensemble.predict(features, home_strength, away_strength, 
weather_impact, league_id,
                      ^^^^^^^^^^^^^^^^^^^^^^^^^^^^^^^^^^^^^^^^^^^^^^^^^^^^^^^^^^^^^^^^^
^^^^^^^^^^^^^^^^^^^^^^^
  File 
"D:\Projectos\Football\bet-insight\backend\apps\analysis\services\ml_integration.py", 
line 444, in predict
    print(f"\n\u26a0\ufe0f ML DESCALIBRADO DETECTADO - Favorito muito claro mas ML 
discorda!")
  File "C:\Users\DELL\AppData\Local\Programs\Python\Python311\Lib\site-packages\coloram
a\ansitowin32.py", line 47, in write
    self.__convertor.write(text)
  File "C:\Users\DELL\AppData\Local\Programs\Python\Python311\Lib\site-packages\coloram
a\ansitowin32.py", line 177, in write
    self.write_and_convert(text)
  File "C:\Users\DELL\AppData\Local\Programs\Python\Python311\Lib\site-packages\coloram
a\ansitowin32.py", line 205, in write_and_convert
    self.write_plain_text(text, cursor, len(text))
  File "C:\Users\DELL\AppData\Local\Programs\Python\Python311\Lib\site-packages\coloram
a\ansitowin32.py", line 210, in write_plain_text
    self.wrapped.write(text[start:end])
  File 
"C:\Users\DELL\AppData\Local\Programs\Python\Python311\Lib\encodings\cp1252.py", line 
19, in encode
    return codecs.charmap_encode(input,self.errors,encoding_table)[0]
           ^^^^^^^^^^^^^^^^^^^^^^^^^^^^^^^^^^^^^^^^^^^^^^^^^^^^^^^
UnicodeEncodeError: 'charmap' codec can't encode characters in position 2-3: character 
maps to <undefined>
